// Jest Snapshot v1, https://goo.gl/fbAQLP

exports[`should render correctly 1`] = `
<div
  className="rn-alignItems-1oszu61 rn-alignSelf-1pz39u2 rn-borderTopColor-18grtmt rn-borderRightColor-dhdqoo rn-borderBottomColor-1fn3lry rn-borderLeftColor-1sgu7fw rn-borderTopLeftRadius-1as3g83 rn-borderTopRightRadius-dfv94e rn-borderBottomRightRadius-qpmf2f rn-borderBottomLeftRadius-re1h2s rn-borderTopStyle-1efd50x rn-borderRightStyle-14skgim rn-borderBottomStyle-rull8r rn-borderLeftStyle-mm0ijv rn-borderTopWidth-5kkj8d rn-borderRightWidth-13l2t4g rn-borderBottomWidth-qklmqi rn-borderLeftWidth-1ljd8xs rn-boxSizing-deolkf rn-display-6koalj rn-flexShrink-1qe8dj5 rn-flexBasis-1mlwlqe rn-flexDirection-eqz5dr rn-marginTop-1mnahxq rn-marginRight-61z16t rn-marginBottom-p1pxzi rn-marginLeft-11wrixw rn-minHeight-ql8eny rn-minWidth-1m5eot9 rn-overflowX-11yh6sk rn-overflowY-buy8e9 rn-paddingTop-wk8lta rn-paddingRight-9aemit rn-paddingBottom-1mdbw0j rn-paddingLeft-gy4na3 rn-position-bnwqim rn-zIndex-1lgpqti"
>
  <div
    className="rn-alignItems-1oszu61 rn-alignSelf-1pz39u2 rn-borderTopStyle-1efd50x rn-borderRightStyle-14skgim rn-borderBottomStyle-rull8r rn-borderLeftStyle-mm0ijv rn-borderTopWidth-13yce4e rn-borderRightWidth-fnigne rn-borderBottomWidth-ndvcnb rn-borderLeftWidth-gxnn5r rn-boxSizing-deolkf rn-display-6koalj rn-flexGrow-16y2uox rn-flexShrink-1wbh5a2 rn-flexBasis-1ro0kt6 rn-flexDirection-eqz5dr rn-marginTop-1mnahxq rn-marginRight-61z16t rn-marginBottom-p1pxzi rn-marginLeft-11wrixw rn-minHeight-ifefl9 rn-minWidth-bcqeeo rn-paddingTop-wk8lta rn-paddingRight-9aemit rn-paddingBottom-1mdbw0j rn-paddingLeft-gy4na3 rn-position-bnwqim rn-zIndex-1lgpqti"
  >
    <div
      className="rn-alignItems-1oszu61 rn-borderTopStyle-1efd50x rn-borderRightStyle-14skgim rn-borderBottomStyle-rull8r rn-borderLeftStyle-mm0ijv rn-borderTopWidth-13yce4e rn-borderRightWidth-fnigne rn-borderBottomWidth-ndvcnb rn-borderLeftWidth-gxnn5r rn-bottom-1p0dtai rn-boxSizing-deolkf rn-display-6koalj rn-flexShrink-1qe8dj5 rn-flexBasis-1mlwlqe rn-flexDirection-eqz5dr rn-left-1d2f490 rn-marginTop-1mnahxq rn-marginRight-61z16t rn-marginBottom-p1pxzi rn-marginLeft-11wrixw rn-minHeight-ifefl9 rn-minWidth-bcqeeo rn-paddingTop-wk8lta rn-paddingRight-9aemit rn-paddingBottom-1mdbw0j rn-paddingLeft-gy4na3 rn-position-u8s1d rn-right-zchlnj rn-top-ipm5af rn-zIndex-1lgpqti"
    >
      <div
        className="rn-alignItems-1oszu61 rn-borderTopStyle-1efd50x rn-borderRightStyle-14skgim rn-borderBottomStyle-rull8r rn-borderLeftStyle-mm0ijv rn-borderTopWidth-13yce4e rn-borderRightWidth-fnigne rn-borderBottomWidth-ndvcnb rn-borderLeftWidth-gxnn5r rn-boxSizing-deolkf rn-display-6koalj rn-flexGrow-16y2uox rn-flexShrink-1wbh5a2 rn-flexBasis-1mlwlqe rn-flexDirection-eqz5dr rn-marginTop-1mnahxq rn-marginRight-61z16t rn-marginBottom-p1pxzi rn-marginLeft-11wrixw rn-minHeight-ifefl9 rn-minWidth-bcqeeo rn-overflowX-11yh6sk rn-overflowY-buy8e9 rn-paddingTop-wk8lta rn-paddingRight-9aemit rn-paddingBottom-1mdbw0j rn-paddingLeft-gy4na3 rn-position-bnwqim rn-zIndex-1lgpqti"
      >
        <div
          className="rn-alignItems-1oszu61 rn-backgroundColor-1niwhzg rn-backgroundPosition-vvn4in rn-backgroundRepeat-u6sd8q rn-backgroundSize-4gszlv rn-borderTopStyle-1efd50x rn-borderRightStyle-14skgim rn-borderBottomStyle-rull8r rn-borderLeftStyle-mm0ijv rn-borderTopWidth-13yce4e rn-borderRightWidth-fnigne rn-borderBottomWidth-ndvcnb rn-borderLeftWidth-gxnn5r rn-bottom-1p0dtai rn-boxSizing-deolkf rn-display-6koalj rn-flexShrink-1qe8dj5 rn-flexBasis-1mlwlqe rn-flexDirection-eqz5dr rn-height-1pi2tsx rn-left-1d2f490 rn-marginTop-1mnahxq rn-marginRight-61z16t rn-marginBottom-p1pxzi rn-marginLeft-11wrixw rn-minHeight-ifefl9 rn-minWidth-bcqeeo rn-paddingTop-wk8lta rn-paddingRight-9aemit rn-paddingBottom-1mdbw0j rn-paddingLeft-gy4na3 rn-position-u8s1d rn-right-zchlnj rn-top-ipm5af rn-width-13qz1uu rn-zIndex-1wyyakw"
          style={
            Object {
              "backgroundImage": "url(\\"image.jpg\\")",
            }
          }
        />
        <img
          alt=""
          className="rn-bottom-1p0dtai rn-height-1pi2tsx rn-left-1d2f490 rn-opacity-1272l3b rn-position-u8s1d rn-right-zchlnj rn-top-ipm5af rn-width-13qz1uu rn-zIndex-1wyyakw"
          draggable={false}
          src="image.jpg"
        />
      </div>
    </div>
  </div>
  <div
    className="rn-alignItems-1oszu61 rn-alignSelf-1pz39u2 rn-borderTopColor-svpa3l rn-borderRightColor-1256smd rn-borderBottomColor-cmw9f2 rn-borderLeftColor-1e5j4ea rn-borderTopStyle-1efd50x rn-borderRightStyle-14skgim rn-borderBottomStyle-rull8r rn-borderLeftStyle-mm0ijv rn-borderTopWidth-5kkj8d rn-borderRightWidth-fnigne rn-borderBottomWidth-ndvcnb rn-borderLeftWidth-gxnn5r rn-boxSizing-deolkf rn-display-6koalj rn-flexShrink-1qe8dj5 rn-flexBasis-1mlwlqe rn-flexDirection-eqz5dr rn-height-eu3ka rn-marginTop-1mnahxq rn-marginRight-61z16t rn-marginBottom-p1pxzi rn-marginLeft-11wrixw rn-minHeight-ifefl9 rn-minWidth-bcqeeo rn-overflowX-11yh6sk rn-overflowY-buy8e9 rn-paddingTop-wk8lta rn-paddingRight-1pyaxff rn-paddingBottom-1mdbw0j rn-paddingLeft-1m04atk rn-position-bnwqim rn-zIndex-1lgpqti"
  >
    <div
      className="rn-borderTopWidth-13yce4e rn-borderRightWidth-fnigne rn-borderBottomWidth-ndvcnb rn-borderLeftWidth-gxnn5r rn-boxSizing-deolkf rn-color-cqee49 rn-display-1471scf rn-fontFamily-baq3cm rn-fontSize-1b43r93 rn-fontStyle-13uqrnb rn-fontVariant-ebii48 rn-fontWeight-aruset rn-height-1pexk7n rn-lineHeight-rjixqe rn-marginTop-1mnahxq rn-marginRight-61z16t rn-marginBottom-p1pxzi rn-marginLeft-11wrixw rn-maxWidth-dnmrzs rn-overflowX-11yh6sk rn-overflowY-buy8e9 rn-paddingRight-9aemit rn-paddingLeft-gy4na3 rn-paddingBottom-1mdbw0j rn-paddingTop-m611by rn-textAlign-fdjqy7 rn-textDecoration-bauka4 rn-textOverflow-1udbk01 rn-whiteSpace-3s2u2q rn-wordWrap-qvutc0"
      dir="auto"
    >
      Footer content
    </div>
  </div>
</div>
`;

exports[`should render custom footerContent 1`] = `
<div
  className="rn-alignItems-1oszu61 rn-alignSelf-1pz39u2 rn-borderTopColor-18grtmt rn-borderRightColor-dhdqoo rn-borderBottomColor-1fn3lry rn-borderLeftColor-1sgu7fw rn-borderTopLeftRadius-1as3g83 rn-borderTopRightRadius-dfv94e rn-borderBottomRightRadius-qpmf2f rn-borderBottomLeftRadius-re1h2s rn-borderTopStyle-1efd50x rn-borderRightStyle-14skgim rn-borderBottomStyle-rull8r rn-borderLeftStyle-mm0ijv rn-borderTopWidth-5kkj8d rn-borderRightWidth-13l2t4g rn-borderBottomWidth-qklmqi rn-borderLeftWidth-1ljd8xs rn-boxSizing-deolkf rn-display-6koalj rn-flexShrink-1qe8dj5 rn-flexBasis-1mlwlqe rn-flexDirection-eqz5dr rn-marginTop-1mnahxq rn-marginRight-61z16t rn-marginBottom-p1pxzi rn-marginLeft-11wrixw rn-minHeight-ql8eny rn-minWidth-1m5eot9 rn-overflowX-11yh6sk rn-overflowY-buy8e9 rn-paddingTop-wk8lta rn-paddingRight-9aemit rn-paddingBottom-1mdbw0j rn-paddingLeft-gy4na3 rn-position-bnwqim rn-zIndex-1lgpqti"
>
  <div
    className="rn-alignItems-1oszu61 rn-alignSelf-1pz39u2 rn-borderTopStyle-1efd50x rn-borderRightStyle-14skgim rn-borderBottomStyle-rull8r rn-borderLeftStyle-mm0ijv rn-borderTopWidth-13yce4e rn-borderRightWidth-fnigne rn-borderBottomWidth-ndvcnb rn-borderLeftWidth-gxnn5r rn-boxSizing-deolkf rn-display-6koalj rn-flexGrow-16y2uox rn-flexShrink-1wbh5a2 rn-flexBasis-1ro0kt6 rn-flexDirection-eqz5dr rn-marginTop-1mnahxq rn-marginRight-61z16t rn-marginBottom-p1pxzi rn-marginLeft-11wrixw rn-minHeight-ifefl9 rn-minWidth-bcqeeo rn-paddingTop-wk8lta rn-paddingRight-9aemit rn-paddingBottom-1mdbw0j rn-paddingLeft-gy4na3 rn-position-bnwqim rn-zIndex-1lgpqti"
  />
  <div
    className="rn-alignItems-1oszu61 rn-alignSelf-1pz39u2 rn-borderTopColor-svpa3l rn-borderRightColor-1256smd rn-borderBottomColor-cmw9f2 rn-borderLeftColor-1e5j4ea rn-borderTopStyle-1efd50x rn-borderRightStyle-14skgim rn-borderBottomStyle-rull8r rn-borderLeftStyle-mm0ijv rn-borderTopWidth-5kkj8d rn-borderRightWidth-fnigne rn-borderBottomWidth-ndvcnb rn-borderLeftWidth-gxnn5r rn-boxSizing-deolkf rn-display-6koalj rn-flexShrink-1qe8dj5 rn-flexBasis-1mlwlqe rn-flexDirection-eqz5dr rn-height-eu3ka rn-marginTop-1mnahxq rn-marginRight-61z16t rn-marginBottom-p1pxzi rn-marginLeft-11wrixw rn-minHeight-ifefl9 rn-minWidth-bcqeeo rn-overflowX-11yh6sk rn-overflowY-buy8e9 rn-paddingTop-wk8lta rn-paddingRight-1pyaxff rn-paddingBottom-1mdbw0j rn-paddingLeft-1m04atk rn-position-bnwqim rn-zIndex-1lgpqti"
  >
    <div
      className="rn-alignItems-1oszu61 rn-borderTopStyle-1efd50x rn-borderRightStyle-14skgim rn-borderBottomStyle-rull8r rn-borderLeftStyle-mm0ijv rn-borderTopWidth-13yce4e rn-borderRightWidth-fnigne rn-borderBottomWidth-ndvcnb rn-borderLeftWidth-gxnn5r rn-boxSizing-deolkf rn-display-6koalj rn-flexShrink-1qe8dj5 rn-flexBasis-1mlwlqe rn-flexDirection-eqz5dr rn-marginTop-1mnahxq rn-marginRight-61z16t rn-marginBottom-p1pxzi rn-marginLeft-11wrixw rn-minHeight-ifefl9 rn-minWidth-bcqeeo rn-paddingTop-wk8lta rn-paddingRight-9aemit rn-paddingBottom-1mdbw0j rn-paddingLeft-gy4na3 rn-position-u8s1d rn-zIndex-1lgpqti"
    >
      <div
        className="rn-borderTopWidth-13yce4e rn-borderRightWidth-fnigne rn-borderBottomWidth-ndvcnb rn-borderLeftWidth-gxnn5r rn-boxSizing-deolkf rn-color-homxoj rn-display-1471scf rn-fontFamily-14xgk7a rn-fontSize-1b43r93 rn-fontStyle-o11vmf rn-fontVariant-ebii48 rn-fontWeight-gul640 rn-lineHeight-t9a87b rn-marginTop-1mnahxq rn-marginRight-61z16t rn-marginBottom-p1pxzi rn-marginLeft-11wrixw rn-paddingTop-wk8lta rn-paddingRight-9aemit rn-paddingBottom-1mdbw0j rn-paddingLeft-gy4na3 rn-textDecoration-bauka4 rn-whiteSpace-q42fyq rn-wordWrap-qvutc0"
        dir="auto"
      >
        Custom footer content
      </div>
    </div>
  </div>
</div>
`;
