// Jest Snapshot v1, https://goo.gl/fbAQLP

exports[`should render correctly 1`] = `
<div
  className="rn-borderTopWidth-13yce4e rn-borderRightWidth-fnigne rn-borderBottomWidth-ndvcnb rn-borderLeftWidth-gxnn5r rn-boxSizing-deolkf rn-display-1471scf rn-fontFamily-14xgk7a rn-fontVariant-ebii48 rn-lineHeight-t9a87b rn-marginTop-1mnahxq rn-marginRight-61z16t rn-marginBottom-p1pxzi rn-marginLeft-11wrixw rn-paddingRight-9aemit rn-paddingLeft-gy4na3 rn-textDecoration-bauka4 rn-whiteSpace-q42fyq rn-wordWrap-qvutc0"
  dir="auto"
  style={
    Object {
      "color": "rgba(189,193,204,1)",
      "fontSize": "22px",
      "fontStyle": "normal",
      "fontWeight": "500",
      "paddingBottom": "10px",
      "paddingTop": "10px",
      "textAlign": "left",
    }
  }
>
  Text
</div>
`;
