// Jest Snapshot v1, https://goo.gl/fbAQLP

exports[`should render correctly 1`] = `
<div
  className="rn-alignItems-1oszu61 rn-alignSelf-1pz39u2 rn-borderTopColor-6bk7wz rn-borderRightColor-1a82egj rn-borderBottomColor-1jl9v37 rn-borderLeftColor-tn3if rn-borderTopLeftRadius-1as3g83 rn-borderTopRightRadius-dfv94e rn-borderBottomRightRadius-qpmf2f rn-borderBottomLeftRadius-re1h2s rn-borderTopStyle-1efd50x rn-borderRightStyle-14skgim rn-borderBottomStyle-rull8r rn-borderLeftStyle-mm0ijv rn-borderTopWidth-5kkj8d rn-borderRightWidth-13l2t4g rn-borderBottomWidth-qklmqi rn-borderLeftWidth-1ljd8xs rn-boxSizing-deolkf rn-display-6koalj rn-flexShrink-1pxmb3b rn-flexBasis-7vfszb rn-flexDirection-eqz5dr rn-marginTop-1mnahxq rn-marginRight-61z16t rn-marginBottom-p1pxzi rn-marginLeft-11wrixw rn-minHeight-ql8eny rn-minWidth-1m5eot9 rn-overflowX-11yh6sk rn-overflowY-buy8e9 rn-paddingTop-wk8lta rn-paddingRight-9aemit rn-paddingBottom-1mdbw0j rn-paddingLeft-gy4na3 rn-position-bnwqim rn-zIndex-1lgpqti"
>
  <div
    className="rn-alignItems-1oszu61 rn-alignSelf-1pz39u2 rn-borderTopStyle-1efd50x rn-borderRightStyle-14skgim rn-borderBottomStyle-rull8r rn-borderLeftStyle-mm0ijv rn-borderTopWidth-13yce4e rn-borderRightWidth-fnigne rn-borderBottomWidth-ndvcnb rn-borderLeftWidth-gxnn5r rn-boxSizing-deolkf rn-display-6koalj rn-flex-13awgt0 rn-flexGrow-1m1wadx rn-flexShrink-1awmn5t rn-flexDirection-eqz5dr rn-marginTop-1mnahxq rn-marginRight-61z16t rn-marginBottom-p1pxzi rn-marginLeft-11wrixw rn-minHeight-ifefl9 rn-minWidth-bcqeeo rn-paddingTop-wk8lta rn-paddingRight-9aemit rn-paddingBottom-1mdbw0j rn-paddingLeft-gy4na3 rn-position-bnwqim rn-zIndex-1lgpqti"
  >
    <div
      className="rn-alignItems-1oszu61 rn-borderTopStyle-1efd50x rn-borderRightStyle-14skgim rn-borderBottomStyle-rull8r rn-borderLeftStyle-mm0ijv rn-borderTopWidth-13yce4e rn-borderRightWidth-fnigne rn-borderBottomWidth-ndvcnb rn-borderLeftWidth-gxnn5r rn-bottom-1p0dtai rn-boxSizing-deolkf rn-display-6koalj rn-flexShrink-1pxmb3b rn-flexBasis-7vfszb rn-flexDirection-eqz5dr rn-left-1d2f490 rn-marginTop-1mnahxq rn-marginRight-61z16t rn-marginBottom-p1pxzi rn-marginLeft-11wrixw rn-minHeight-ifefl9 rn-minWidth-bcqeeo rn-paddingTop-wk8lta rn-paddingRight-9aemit rn-paddingBottom-1mdbw0j rn-paddingLeft-gy4na3 rn-position-u8s1d rn-right-zchlnj rn-top-ipm5af rn-zIndex-1lgpqti"
    >
      <div
        className="rn-alignItems-1oszu61 rn-borderTopStyle-1efd50x rn-borderRightStyle-14skgim rn-borderBottomStyle-rull8r rn-borderLeftStyle-mm0ijv rn-borderTopWidth-13yce4e rn-borderRightWidth-fnigne rn-borderBottomWidth-ndvcnb rn-borderLeftWidth-gxnn5r rn-boxSizing-deolkf rn-display-6koalj rn-flex-13awgt0 rn-flexGrow-1m1wadx rn-flexShrink-1awmn5t rn-flexDirection-eqz5dr rn-marginTop-1mnahxq rn-marginRight-61z16t rn-marginBottom-p1pxzi rn-marginLeft-11wrixw rn-minHeight-ifefl9 rn-minWidth-bcqeeo rn-paddingTop-wk8lta rn-paddingRight-9aemit rn-paddingBottom-1mdbw0j rn-paddingLeft-gy4na3 rn-position-bnwqim rn-zIndex-1lgpqti"
        style={
          Object {
            "backgroundColor": "transparent",
            "backgroundPosition": "center",
            "backgroundRepeat": "no-repeat",
            "backgroundSize": "cover",
          }
        }
      />
    </div>
  </div>
  <div
    className="rn-alignItems-1oszu61 rn-alignSelf-1pz39u2 rn-borderTopColor-1de8lnu rn-borderRightColor-sk4zl rn-borderBottomColor-1nc7mkd rn-borderLeftColor-nyitwm rn-borderTopStyle-1efd50x rn-borderRightStyle-14skgim rn-borderBottomStyle-rull8r rn-borderLeftStyle-mm0ijv rn-borderTopWidth-5kkj8d rn-borderRightWidth-fnigne rn-borderBottomWidth-ndvcnb rn-borderLeftWidth-gxnn5r rn-boxSizing-deolkf rn-display-6koalj rn-flexShrink-1pxmb3b rn-flexBasis-7vfszb rn-flexDirection-eqz5dr rn-height-eu3ka rn-marginTop-1mnahxq rn-marginRight-61z16t rn-marginBottom-p1pxzi rn-marginLeft-11wrixw rn-minHeight-ifefl9 rn-minWidth-bcqeeo rn-overflowX-11yh6sk rn-overflowY-buy8e9 rn-paddingTop-wk8lta rn-paddingRight-1pyaxff rn-paddingBottom-1mdbw0j rn-paddingLeft-1m04atk rn-position-bnwqim rn-zIndex-1lgpqti"
  >
    <div
      className="rn-borderTopWidth-13yce4e rn-borderRightWidth-fnigne rn-borderBottomWidth-ndvcnb rn-borderLeftWidth-gxnn5r rn-boxSizing-deolkf rn-color-15b02fe rn-display-1471scf rn-fontFamily-14xgk7a rn-fontSize-1b43r93 rn-fontStyle-13uqrnb rn-fontVariant-ebii48 rn-fontWeight-1it3c9n rn-lineHeight-t9a87b rn-marginTop-1mnahxq rn-marginRight-61z16t rn-marginBottom-p1pxzi rn-marginLeft-11wrixw rn-maxWidth-dnmrzs rn-overflowX-11yh6sk rn-overflowY-buy8e9 rn-paddingRight-9aemit rn-paddingLeft-gy4na3 rn-paddingBottom-1mdbw0j rn-paddingTop-m611by rn-textAlign-fdjqy7 rn-textDecoration-bauka4 rn-textOverflow-1udbk01 rn-whiteSpace-3s2u2q rn-wordWrap-qvutc0"
      dir="auto"
    >
      Footer content
    </div>
  </div>
</div>
`;

exports[`should render custom footerContent 1`] = `
<div
  className="rn-alignItems-1oszu61 rn-alignSelf-1pz39u2 rn-borderTopColor-6bk7wz rn-borderRightColor-1a82egj rn-borderBottomColor-1jl9v37 rn-borderLeftColor-tn3if rn-borderTopLeftRadius-1as3g83 rn-borderTopRightRadius-dfv94e rn-borderBottomRightRadius-qpmf2f rn-borderBottomLeftRadius-re1h2s rn-borderTopStyle-1efd50x rn-borderRightStyle-14skgim rn-borderBottomStyle-rull8r rn-borderLeftStyle-mm0ijv rn-borderTopWidth-5kkj8d rn-borderRightWidth-13l2t4g rn-borderBottomWidth-qklmqi rn-borderLeftWidth-1ljd8xs rn-boxSizing-deolkf rn-display-6koalj rn-flexShrink-1pxmb3b rn-flexBasis-7vfszb rn-flexDirection-eqz5dr rn-marginTop-1mnahxq rn-marginRight-61z16t rn-marginBottom-p1pxzi rn-marginLeft-11wrixw rn-minHeight-ql8eny rn-minWidth-1m5eot9 rn-overflowX-11yh6sk rn-overflowY-buy8e9 rn-paddingTop-wk8lta rn-paddingRight-9aemit rn-paddingBottom-1mdbw0j rn-paddingLeft-gy4na3 rn-position-bnwqim rn-zIndex-1lgpqti"
>
  <div
    className="rn-alignItems-1oszu61 rn-alignSelf-1pz39u2 rn-borderTopStyle-1efd50x rn-borderRightStyle-14skgim rn-borderBottomStyle-rull8r rn-borderLeftStyle-mm0ijv rn-borderTopWidth-13yce4e rn-borderRightWidth-fnigne rn-borderBottomWidth-ndvcnb rn-borderLeftWidth-gxnn5r rn-boxSizing-deolkf rn-display-6koalj rn-flex-13awgt0 rn-flexGrow-1m1wadx rn-flexShrink-1awmn5t rn-flexDirection-eqz5dr rn-marginTop-1mnahxq rn-marginRight-61z16t rn-marginBottom-p1pxzi rn-marginLeft-11wrixw rn-minHeight-ifefl9 rn-minWidth-bcqeeo rn-paddingTop-wk8lta rn-paddingRight-9aemit rn-paddingBottom-1mdbw0j rn-paddingLeft-gy4na3 rn-position-bnwqim rn-zIndex-1lgpqti"
  />
  <div
    className="rn-alignItems-1oszu61 rn-alignSelf-1pz39u2 rn-borderTopColor-1de8lnu rn-borderRightColor-sk4zl rn-borderBottomColor-1nc7mkd rn-borderLeftColor-nyitwm rn-borderTopStyle-1efd50x rn-borderRightStyle-14skgim rn-borderBottomStyle-rull8r rn-borderLeftStyle-mm0ijv rn-borderTopWidth-5kkj8d rn-borderRightWidth-fnigne rn-borderBottomWidth-ndvcnb rn-borderLeftWidth-gxnn5r rn-boxSizing-deolkf rn-display-6koalj rn-flexShrink-1pxmb3b rn-flexBasis-7vfszb rn-flexDirection-eqz5dr rn-height-eu3ka rn-marginTop-1mnahxq rn-marginRight-61z16t rn-marginBottom-p1pxzi rn-marginLeft-11wrixw rn-minHeight-ifefl9 rn-minWidth-bcqeeo rn-overflowX-11yh6sk rn-overflowY-buy8e9 rn-paddingTop-wk8lta rn-paddingRight-1pyaxff rn-paddingBottom-1mdbw0j rn-paddingLeft-1m04atk rn-position-bnwqim rn-zIndex-1lgpqti"
  >
    <div
      className="rn-alignItems-1oszu61 rn-borderTopStyle-1efd50x rn-borderRightStyle-14skgim rn-borderBottomStyle-rull8r rn-borderLeftStyle-mm0ijv rn-borderTopWidth-13yce4e rn-borderRightWidth-fnigne rn-borderBottomWidth-ndvcnb rn-borderLeftWidth-gxnn5r rn-boxSizing-deolkf rn-display-6koalj rn-flexShrink-1pxmb3b rn-flexBasis-7vfszb rn-flexDirection-eqz5dr rn-marginTop-1mnahxq rn-marginRight-61z16t rn-marginBottom-p1pxzi rn-marginLeft-11wrixw rn-minHeight-ifefl9 rn-minWidth-bcqeeo rn-paddingTop-wk8lta rn-paddingRight-9aemit rn-paddingBottom-1mdbw0j rn-paddingLeft-gy4na3 rn-position-u8s1d rn-zIndex-1lgpqti"
    >
      <div
        className="rn-borderTopWidth-13yce4e rn-borderRightWidth-fnigne rn-borderBottomWidth-ndvcnb rn-borderLeftWidth-gxnn5r rn-boxSizing-deolkf rn-color-homxoj rn-display-1471scf rn-fontFamily-14xgk7a rn-fontSize-1b43r93 rn-fontStyle-o11vmf rn-fontVariant-ebii48 rn-fontWeight-gul640 rn-lineHeight-t9a87b rn-marginTop-1mnahxq rn-marginRight-61z16t rn-marginBottom-p1pxzi rn-marginLeft-11wrixw rn-paddingTop-wk8lta rn-paddingRight-9aemit rn-paddingBottom-1mdbw0j rn-paddingLeft-gy4na3 rn-textDecoration-bauka4 rn-whiteSpace-q42fyq rn-wordWrap-qvutc0"
        dir="auto"
      >
        Custom footer content
      </div>
    </div>
  </div>
</div>
`;
