// Jest Snapshot v1, https://goo.gl/fbAQLP

exports[`should render correctly 1`] = `
<div
  className="rn-alignItems-1oszu61 rn-borderTopStyle-1efd50x rn-borderRightStyle-14skgim rn-borderBottomStyle-rull8r rn-borderLeftStyle-mm0ijv rn-borderTopWidth-13yce4e rn-borderRightWidth-fnigne rn-borderBottomWidth-ndvcnb rn-borderLeftWidth-gxnn5r rn-boxSizing-deolkf rn-display-6koalj rn-flexShrink-1pxmb3b rn-flexBasis-7vfszb rn-flexDirection-eqz5dr rn-marginTop-1mnahxq rn-marginRight-61z16t rn-marginBottom-p1pxzi rn-marginLeft-11wrixw rn-minHeight-ifefl9 rn-minWidth-bcqeeo rn-paddingTop-wk8lta rn-paddingRight-9aemit rn-paddingBottom-1mdbw0j rn-paddingLeft-gy4na3 rn-position-bnwqim rn-zIndex-1lgpqti"
>
  <div
    className="rn-borderTopStyle-1efd50x rn-borderRightStyle-14skgim rn-borderBottomStyle-rull8r rn-borderLeftStyle-mm0ijv rn-boxSizing-deolkf rn-cursor-1loqt21 rn-display-6koalj rn-flexShrink-1pxmb3b rn-flexBasis-7vfszb rn-flexDirection-eqz5dr rn-marginTop-1mnahxq rn-marginRight-61z16t rn-marginBottom-p1pxzi rn-marginLeft-11wrixw rn-minHeight-ifefl9 rn-minWidth-bcqeeo rn-paddingTop-wk8lta rn-paddingRight-9aemit rn-paddingBottom-1mdbw0j rn-paddingLeft-gy4na3 rn-position-bnwqim rn-touchAction-1otgn73 rn-transitionDuration-eafdt9 rn-transitionProperty-1i6wzkk rn-userSelect-lrvibr rn-zIndex-1lgpqti"
    disabled={false}
    onKeyDown={[Function]}
    onKeyUp={[Function]}
    onResponderGrant={[Function]}
    onResponderMove={[Function]}
    onResponderRelease={[Function]}
    onResponderTerminate={[Function]}
    onResponderTerminationRequest={[Function]}
    onStartShouldSetResponder={[Function]}
    style={
      Object {
        "WebkitAlignItems": "center",
        "WebkitBoxAlign": "center",
        "WebkitBoxPack": "center",
        "WebkitJustifyContent": "center",
        "alignItems": "center",
        "backgroundColor": "rgba(47,140,255,1)",
        "borderBottomColor": "rgba(47,140,255,1)",
        "borderBottomLeftRadius": "5px",
        "borderBottomRightRadius": "5px",
        "borderBottomWidth": "2px",
        "borderLeftColor": "rgba(47,140,255,1)",
        "borderLeftWidth": "2px",
        "borderRightColor": "rgba(47,140,255,1)",
        "borderRightWidth": "2px",
        "borderTopColor": "rgba(47,140,255,1)",
        "borderTopLeftRadius": "5px",
        "borderTopRightRadius": "5px",
        "borderTopWidth": "2px",
        "height": "26px",
        "justifyContent": "center",
        "msFlexAlign": "center",
        "msFlexPack": "center",
        "width": "26px",
      }
    }
    tabIndex="0"
  >
    <div
      className="rn-borderTopWidth-13yce4e rn-borderRightWidth-fnigne rn-borderBottomWidth-ndvcnb rn-borderLeftWidth-gxnn5r rn-boxSizing-deolkf rn-display-1471scf rn-fontVariant-ebii48 rn-lineHeight-t9a87b rn-marginRight-61z16t rn-marginBottom-p1pxzi rn-marginLeft-11wrixw rn-paddingTop-wk8lta rn-paddingRight-9aemit rn-paddingBottom-1mdbw0j rn-paddingLeft-gy4na3 rn-textDecoration-bauka4 rn-whiteSpace-q42fyq rn-wordWrap-qvutc0"
      dir="auto"
      style={
        Object {
          "backgroundColor": "transparent",
          "color": "rgba(255,255,255,1)",
          "fontFamily": "Ionicons",
          "fontSize": "20px",
          "fontStyle": "normal",
          "fontWeight": "normal",
          "marginTop": "2px",
        }
      }
    >
      ïŠ¼
    </div>
  </div>
</div>
`;
