exports[`test should render correctly 1`] = `
<View
  style={
    Array [
      Object {
        "flex": 1,
      },
      Object {},
    ]
  }>
  <View
    accessibilityComponentType="button"
    accessibilityLabel={undefined}
    accessibilityTraits="button"
    accessible={true}
    collapsable={undefined}
    hasTVPreferredFocus={undefined}
    hitSlop={undefined}
    isTVSelectable={true}
    nativeID={undefined}
    onLayout={undefined}
    onResponderGrant={[Function]}
    onResponderMove={[Function]}
    onResponderRelease={[Function]}
    onResponderTerminate={[Function]}
    onResponderTerminationRequest={[Function]}
    onStartShouldSetResponder={[Function]}
    style={
      Object {
        "backgroundColor": "#fff",
        "borderColor": "#ddd",
        "borderWidth": 1,
        "height": 50,
        "justifyContent": "center",
        "opacity": 1,
        "padding": 0,
        "paddingHorizontal": 0,
      }
    }
    testID={undefined}
    tvParallaxProperties={undefined}>
    <View
      style={
        Object {
          "alignItems": "center",
          "flexDirection": "row",
          "justifyContent": "center",
        }
      }>
      <Text
        accessible={true}
        allowFontScaling={false}
        ellipsizeMode="tail"
        style={
          Array [
            Object {
              "color": "#bdc1cc",
              "fontSize": 20,
            },
            undefined,
            Object {
              "fontFamily": "Ionicons",
              "fontStyle": "normal",
              "fontWeight": "normal",
            },
          ]
        }>
        ïŽ©
      </Text>
      <Text
        accessible={true}
        allowFontScaling={true}
        ellipsizeMode="tail"
        style={
          Array [
            Object {
              "alignSelf": "center",
              "color": "#fff",
              "fontWeight": "600",
              "paddingHorizontal": 8,
            },
            Object {
              "fontSize": 12,
            },
            Array [
              Object {
                "color": "#bdc1cc",
                "fontSize": 12,
                "fontWeight": "500",
              },
              Object {},
              undefined,
            ],
            Object {},
          ]
        }>
        WINE
      </Text>
    </View>
  </View>
</View>
`;
