// Jest Snapshot v1, https://goo.gl/fbAQLP

exports[`should render correctly 1`] = `
<div
  className="rn-alignItems-1oszu61 rn-alignSelf-1pz39u2 rn-borderTopStyle-1efd50x rn-borderRightStyle-14skgim rn-borderBottomStyle-rull8r rn-borderLeftStyle-mm0ijv rn-borderTopWidth-5kkj8d rn-borderRightWidth-13l2t4g rn-borderBottomWidth-qklmqi rn-borderLeftWidth-1ljd8xs rn-boxSizing-deolkf rn-display-6koalj rn-flexShrink-1qe8dj5 rn-flexBasis-1mlwlqe rn-flexDirection-eqz5dr rn-height-195d4m8 rn-marginTop-1mnahxq rn-marginRight-61z16t rn-marginBottom-p1pxzi rn-marginLeft-11wrixw rn-minHeight-ifefl9 rn-minWidth-bcqeeo rn-paddingTop-wk8lta rn-paddingRight-9aemit rn-paddingBottom-1mdbw0j rn-paddingLeft-gy4na3 rn-position-bnwqim rn-zIndex-1lgpqti"
  style={
    Object {
      "backgroundColor": "rgba(255,255,255,1.00)",
      "borderBottomColor": "rgba(189,193,204,1.00)",
      "borderLeftColor": "rgba(189,193,204,1.00)",
      "borderRightColor": "rgba(189,193,204,1.00)",
      "borderTopColor": "rgba(189,193,204,1.00)",
    }
  }
>
  <input
    autoCapitalize="sentences"
    autoComplete="on"
    autoCorrect="on"
    className="rn-MozAppearance-97bpaa rn-WebkitAppearance-n1uzsy rn-alignSelf-1pz39u2 rn-backgroundColor-1niwhzg rn-borderTopColor-1c1gj4h rn-borderRightColor-114ovsg rn-borderBottomColor-oucylx rn-borderLeftColor-855088 rn-borderTopLeftRadius-ou6ah9 rn-borderTopRightRadius-t12b5v rn-borderBottomRightRadius-zmljjp rn-borderBottomLeftRadius-pm2fo rn-borderTopStyle-1efd50x rn-borderRightStyle-14skgim rn-borderBottomStyle-rull8r rn-borderLeftStyle-mm0ijv rn-borderTopWidth-5kkj8d rn-borderRightWidth-13l2t4g rn-borderBottomWidth-qklmqi rn-borderLeftWidth-1ljd8xs rn-boxSizing-deolkf rn-fontFamily-14xgk7a rn-fontSize-1b43r93 rn-height-195d4m8 rn-paddingTop-wk8lta rn-paddingBottom-1mdbw0j rn-paddingLeft-f727ji rn-paddingRight-1qortcd rn-resize-1dz5y72"
    data-focusable={true}
    dir="auto"
    onBlur={[Function]}
    onChange={[Function]}
    onFocus={[Function]}
    onKeyDown={[Function]}
    onKeyPress={[Function]}
    onSelect={[Function]}
    readOnly={false}
    spellCheck={true}
    theme={
      Object {
        "base": 78,
        "disabled": 80,
        "error": 82,
        "icon": 85,
        "input": 84,
        "normal": 79,
        "valid": 81,
        "warn": 83,
      }
    }
    type="text"
    value="Your name"
  />
</div>
`;

exports[`should render disabled 1`] = `
<div
  className="rn-alignItems-1oszu61 rn-alignSelf-1pz39u2 rn-borderTopStyle-1efd50x rn-borderRightStyle-14skgim rn-borderBottomStyle-rull8r rn-borderLeftStyle-mm0ijv rn-borderTopWidth-5kkj8d rn-borderRightWidth-13l2t4g rn-borderBottomWidth-qklmqi rn-borderLeftWidth-1ljd8xs rn-boxSizing-deolkf rn-display-6koalj rn-flexShrink-1qe8dj5 rn-flexBasis-1mlwlqe rn-flexDirection-eqz5dr rn-height-195d4m8 rn-marginTop-1mnahxq rn-marginRight-61z16t rn-marginBottom-p1pxzi rn-marginLeft-11wrixw rn-minHeight-ifefl9 rn-minWidth-bcqeeo rn-opacity-1oec5bt rn-paddingTop-wk8lta rn-paddingRight-9aemit rn-paddingBottom-1mdbw0j rn-paddingLeft-gy4na3 rn-position-bnwqim rn-zIndex-1lgpqti"
  style={
    Object {
      "backgroundColor": "rgba(255,255,255,1.00)",
      "borderBottomColor": "rgba(189,193,204,1.00)",
      "borderLeftColor": "rgba(189,193,204,1.00)",
      "borderRightColor": "rgba(189,193,204,1.00)",
      "borderTopColor": "rgba(189,193,204,1.00)",
    }
  }
>
  <input
    autoCapitalize="sentences"
    autoComplete="on"
    autoCorrect="on"
    className="rn-MozAppearance-97bpaa rn-WebkitAppearance-n1uzsy rn-alignSelf-1pz39u2 rn-backgroundColor-1niwhzg rn-borderTopColor-1c1gj4h rn-borderRightColor-114ovsg rn-borderBottomColor-oucylx rn-borderLeftColor-855088 rn-borderTopLeftRadius-ou6ah9 rn-borderTopRightRadius-t12b5v rn-borderBottomRightRadius-zmljjp rn-borderBottomLeftRadius-pm2fo rn-borderTopStyle-1efd50x rn-borderRightStyle-14skgim rn-borderBottomStyle-rull8r rn-borderLeftStyle-mm0ijv rn-borderTopWidth-5kkj8d rn-borderRightWidth-13l2t4g rn-borderBottomWidth-qklmqi rn-borderLeftWidth-1ljd8xs rn-boxSizing-deolkf rn-fontFamily-14xgk7a rn-fontSize-1b43r93 rn-height-195d4m8 rn-paddingTop-wk8lta rn-paddingBottom-1mdbw0j rn-paddingLeft-f727ji rn-paddingRight-1qortcd rn-resize-1dz5y72"
    data-focusable={true}
    dir="auto"
    onBlur={[Function]}
    onChange={[Function]}
    onFocus={[Function]}
    onKeyDown={[Function]}
    onKeyPress={[Function]}
    onSelect={[Function]}
    readOnly={true}
    spellCheck={true}
    theme={
      Object {
        "base": 86,
        "disabled": 88,
        "error": 90,
        "icon": 93,
        "input": 92,
        "normal": 87,
        "valid": 89,
        "warn": 91,
      }
    }
    type="text"
    value="Your name"
  />
</div>
`;
