// Jest Snapshot v1, https://goo.gl/fbAQLP

exports[`should render correctly 1`] = `
<div
  className="rn-alignItems-1oszu61 rn-borderTopStyle-1efd50x rn-borderRightStyle-14skgim rn-borderBottomStyle-rull8r rn-borderLeftStyle-mm0ijv rn-borderTopWidth-13yce4e rn-borderRightWidth-fnigne rn-borderBottomWidth-ndvcnb rn-borderLeftWidth-gxnn5r rn-boxSizing-deolkf rn-display-6koalj rn-flexShrink-1pxmb3b rn-flexBasis-7vfszb rn-marginTop-1mnahxq rn-marginRight-61z16t rn-marginBottom-p1pxzi rn-marginLeft-11wrixw rn-minHeight-ifefl9 rn-minWidth-bcqeeo rn-paddingTop-wk8lta rn-paddingRight-9aemit rn-paddingBottom-1mdbw0j rn-paddingLeft-gy4na3 rn-position-bnwqim rn-zIndex-1lgpqti"
  style={
    Object {
      "WebkitBoxDirection": "normal",
      "WebkitBoxOrient": "horizontal",
      "WebkitFlexDirection": "row",
      "flexDirection": "row",
      "msFlexDirection": "row",
    }
  }
>
  <div
    className="rn-alignItems-1oszu61 rn-borderTopStyle-1efd50x rn-borderRightStyle-14skgim rn-borderBottomStyle-rull8r rn-borderLeftStyle-mm0ijv rn-borderTopWidth-13yce4e rn-borderRightWidth-fnigne rn-borderBottomWidth-ndvcnb rn-borderLeftWidth-gxnn5r rn-boxSizing-deolkf rn-cursor-1loqt21 rn-display-6koalj rn-flexShrink-1pxmb3b rn-flexBasis-7vfszb rn-flexDirection-eqz5dr rn-marginTop-1mnahxq rn-marginRight-61z16t rn-marginBottom-p1pxzi rn-marginLeft-11wrixw rn-minHeight-ifefl9 rn-minWidth-bcqeeo rn-paddingTop-wk8lta rn-paddingRight-9aemit rn-paddingBottom-1mdbw0j rn-paddingLeft-gy4na3 rn-position-bnwqim rn-touchAction-1otgn73 rn-transitionDuration-eafdt9 rn-transitionProperty-1i6wzkk rn-userSelect-lrvibr rn-zIndex-1lgpqti"
    onKeyDown={[Function]}
    onKeyUp={[Function]}
    onResponderGrant={[Function]}
    onResponderMove={[Function]}
    onResponderRelease={[Function]}
    onResponderTerminate={[Function]}
    onResponderTerminationRequest={[Function]}
    onStartShouldSetResponder={[Function]}
    tabIndex="0"
  >
    <div
      className="rn-alignItems-1awozwy rn-borderTopStyle-1efd50x rn-borderRightStyle-14skgim rn-borderBottomStyle-rull8r rn-borderLeftStyle-mm0ijv rn-borderTopWidth-13yce4e rn-borderRightWidth-fnigne rn-borderBottomWidth-ndvcnb rn-borderLeftWidth-gxnn5r rn-boxSizing-deolkf rn-display-6koalj rn-flexShrink-1pxmb3b rn-flexBasis-7vfszb rn-flexDirection-18u37iz rn-marginTop-1mnahxq rn-marginBottom-p1pxzi rn-marginLeft-11wrixw rn-marginRight-1mf7evn rn-minHeight-ifefl9 rn-minWidth-bcqeeo rn-paddingTop-wk8lta rn-paddingRight-9aemit rn-paddingBottom-1mdbw0j rn-paddingLeft-gy4na3 rn-position-bnwqim rn-zIndex-1lgpqti"
    >
      <div
        className="rn-alignItems-1oszu61 rn-borderTopStyle-1efd50x rn-borderRightStyle-14skgim rn-borderBottomStyle-rull8r rn-borderLeftStyle-mm0ijv rn-borderTopWidth-13yce4e rn-borderRightWidth-fnigne rn-borderBottomWidth-ndvcnb rn-borderLeftWidth-gxnn5r rn-boxSizing-deolkf rn-display-6koalj rn-flexShrink-1pxmb3b rn-flexBasis-7vfszb rn-flexDirection-eqz5dr rn-marginTop-1mnahxq rn-marginRight-61z16t rn-marginBottom-p1pxzi rn-marginLeft-11wrixw rn-minHeight-ifefl9 rn-minWidth-bcqeeo rn-paddingTop-wk8lta rn-paddingRight-9aemit rn-paddingBottom-1mdbw0j rn-paddingLeft-gy4na3 rn-position-bnwqim rn-zIndex-1lgpqti"
      >
        <div
          className="rn-alignItems-1awozwy rn-borderTopColor-w1rywy rn-borderRightColor-rieqnu rn-borderBottomColor-13kj4ez rn-borderLeftColor-1nlrok8 rn-borderTopLeftRadius-1bxrh7q rn-borderTopRightRadius-waaub4 rn-borderBottomRightRadius-sqtsar rn-borderBottomLeftRadius-qb5c1y rn-borderTopStyle-1efd50x rn-borderRightStyle-14skgim rn-borderBottomStyle-rull8r rn-borderLeftStyle-mm0ijv rn-borderTopWidth-1jxfwug rn-borderRightWidth-18p6if4 rn-borderBottomWidth-wgabs5 rn-borderLeftWidth-dwliz8 rn-boxSizing-deolkf rn-cursor-1loqt21 rn-display-6koalj rn-flexShrink-1pxmb3b rn-flexBasis-7vfszb rn-flexDirection-eqz5dr rn-height-18yzcnr rn-justifyContent-1777fci rn-marginTop-1mnahxq rn-marginRight-61z16t rn-marginBottom-p1pxzi rn-marginLeft-11wrixw rn-minHeight-ifefl9 rn-minWidth-bcqeeo rn-paddingTop-wk8lta rn-paddingRight-9aemit rn-paddingBottom-1mdbw0j rn-paddingLeft-gy4na3 rn-position-bnwqim rn-touchAction-1otgn73 rn-transitionDuration-eafdt9 rn-transitionProperty-1i6wzkk rn-userSelect-lrvibr rn-width-yc9v9c rn-zIndex-1lgpqti"
          disabled={false}
          onKeyDown={[Function]}
          onKeyUp={[Function]}
          onResponderGrant={[Function]}
          onResponderMove={[Function]}
          onResponderRelease={[Function]}
          onResponderTerminate={[Function]}
          onResponderTerminationRequest={[Function]}
          onStartShouldSetResponder={[Function]}
          tabIndex="0"
        />
      </div>
      <div
        className="rn-borderTopWidth-13yce4e rn-borderRightWidth-fnigne rn-borderBottomWidth-ndvcnb rn-borderLeftWidth-gxnn5r rn-boxSizing-deolkf rn-color-15b02fe rn-display-1471scf rn-fontFamily-baq3cm rn-fontSize-1b43r93 rn-fontStyle-13uqrnb rn-fontVariant-ebii48 rn-fontWeight-aruset rn-lineHeight-t9a87b rn-marginTop-1mnahxq rn-marginRight-61z16t rn-marginBottom-p1pxzi rn-paddingTop-m611by rn-paddingRight-9aemit rn-paddingBottom-1mi0q7o rn-paddingLeft-gy4na3 rn-textAlign-fdjqy7 rn-textDecoration-bauka4 rn-whiteSpace-q42fyq rn-wordWrap-qvutc0"
        dir="auto"
        style={
          Object {
            "marginLeft": "10px",
          }
        }
      >
        Red
      </div>
    </div>
  </div>
  <div
    className="rn-alignItems-1oszu61 rn-borderTopStyle-1efd50x rn-borderRightStyle-14skgim rn-borderBottomStyle-rull8r rn-borderLeftStyle-mm0ijv rn-borderTopWidth-13yce4e rn-borderRightWidth-fnigne rn-borderBottomWidth-ndvcnb rn-borderLeftWidth-gxnn5r rn-boxSizing-deolkf rn-cursor-1loqt21 rn-display-6koalj rn-flexShrink-1pxmb3b rn-flexBasis-7vfszb rn-flexDirection-eqz5dr rn-marginTop-1mnahxq rn-marginRight-61z16t rn-marginBottom-p1pxzi rn-marginLeft-11wrixw rn-minHeight-ifefl9 rn-minWidth-bcqeeo rn-paddingTop-wk8lta rn-paddingRight-9aemit rn-paddingBottom-1mdbw0j rn-paddingLeft-gy4na3 rn-position-bnwqim rn-touchAction-1otgn73 rn-transitionDuration-eafdt9 rn-transitionProperty-1i6wzkk rn-userSelect-lrvibr rn-zIndex-1lgpqti"
    onKeyDown={[Function]}
    onKeyUp={[Function]}
    onResponderGrant={[Function]}
    onResponderMove={[Function]}
    onResponderRelease={[Function]}
    onResponderTerminate={[Function]}
    onResponderTerminationRequest={[Function]}
    onStartShouldSetResponder={[Function]}
    tabIndex="0"
  >
    <div
      className="rn-alignItems-1awozwy rn-borderTopStyle-1efd50x rn-borderRightStyle-14skgim rn-borderBottomStyle-rull8r rn-borderLeftStyle-mm0ijv rn-borderTopWidth-13yce4e rn-borderRightWidth-fnigne rn-borderBottomWidth-ndvcnb rn-borderLeftWidth-gxnn5r rn-boxSizing-deolkf rn-display-6koalj rn-flexShrink-1pxmb3b rn-flexBasis-7vfszb rn-flexDirection-18u37iz rn-marginTop-1mnahxq rn-marginBottom-p1pxzi rn-marginLeft-11wrixw rn-marginRight-1mf7evn rn-minHeight-ifefl9 rn-minWidth-bcqeeo rn-paddingTop-wk8lta rn-paddingRight-9aemit rn-paddingBottom-1mdbw0j rn-paddingLeft-gy4na3 rn-position-bnwqim rn-zIndex-1lgpqti"
    >
      <div
        className="rn-alignItems-1oszu61 rn-borderTopStyle-1efd50x rn-borderRightStyle-14skgim rn-borderBottomStyle-rull8r rn-borderLeftStyle-mm0ijv rn-borderTopWidth-13yce4e rn-borderRightWidth-fnigne rn-borderBottomWidth-ndvcnb rn-borderLeftWidth-gxnn5r rn-boxSizing-deolkf rn-display-6koalj rn-flexShrink-1pxmb3b rn-flexBasis-7vfszb rn-flexDirection-eqz5dr rn-marginTop-1mnahxq rn-marginRight-61z16t rn-marginBottom-p1pxzi rn-marginLeft-11wrixw rn-minHeight-ifefl9 rn-minWidth-bcqeeo rn-paddingTop-wk8lta rn-paddingRight-9aemit rn-paddingBottom-1mdbw0j rn-paddingLeft-gy4na3 rn-position-bnwqim rn-zIndex-1lgpqti"
      >
        <div
          className="rn-alignItems-1awozwy rn-borderTopColor-w1rywy rn-borderRightColor-rieqnu rn-borderBottomColor-13kj4ez rn-borderLeftColor-1nlrok8 rn-borderTopLeftRadius-1bxrh7q rn-borderTopRightRadius-waaub4 rn-borderBottomRightRadius-sqtsar rn-borderBottomLeftRadius-qb5c1y rn-borderTopStyle-1efd50x rn-borderRightStyle-14skgim rn-borderBottomStyle-rull8r rn-borderLeftStyle-mm0ijv rn-borderTopWidth-1jxfwug rn-borderRightWidth-18p6if4 rn-borderBottomWidth-wgabs5 rn-borderLeftWidth-dwliz8 rn-boxSizing-deolkf rn-cursor-1loqt21 rn-display-6koalj rn-flexShrink-1pxmb3b rn-flexBasis-7vfszb rn-flexDirection-eqz5dr rn-height-18yzcnr rn-justifyContent-1777fci rn-marginTop-1mnahxq rn-marginRight-61z16t rn-marginBottom-p1pxzi rn-marginLeft-11wrixw rn-minHeight-ifefl9 rn-minWidth-bcqeeo rn-paddingTop-wk8lta rn-paddingRight-9aemit rn-paddingBottom-1mdbw0j rn-paddingLeft-gy4na3 rn-position-bnwqim rn-touchAction-1otgn73 rn-transitionDuration-eafdt9 rn-transitionProperty-1i6wzkk rn-userSelect-lrvibr rn-width-yc9v9c rn-zIndex-1lgpqti"
          disabled={false}
          onKeyDown={[Function]}
          onKeyUp={[Function]}
          onResponderGrant={[Function]}
          onResponderMove={[Function]}
          onResponderRelease={[Function]}
          onResponderTerminate={[Function]}
          onResponderTerminationRequest={[Function]}
          onStartShouldSetResponder={[Function]}
          tabIndex="0"
        />
      </div>
      <div
        className="rn-borderTopWidth-13yce4e rn-borderRightWidth-fnigne rn-borderBottomWidth-ndvcnb rn-borderLeftWidth-gxnn5r rn-boxSizing-deolkf rn-color-15b02fe rn-display-1471scf rn-fontFamily-baq3cm rn-fontSize-1b43r93 rn-fontStyle-13uqrnb rn-fontVariant-ebii48 rn-fontWeight-aruset rn-lineHeight-t9a87b rn-marginTop-1mnahxq rn-marginRight-61z16t rn-marginBottom-p1pxzi rn-paddingTop-m611by rn-paddingRight-9aemit rn-paddingBottom-1mi0q7o rn-paddingLeft-gy4na3 rn-textAlign-fdjqy7 rn-textDecoration-bauka4 rn-whiteSpace-q42fyq rn-wordWrap-qvutc0"
        dir="auto"
        style={
          Object {
            "marginLeft": "10px",
          }
        }
      >
        Green
      </div>
    </div>
  </div>
  <div
    className="rn-alignItems-1oszu61 rn-borderTopStyle-1efd50x rn-borderRightStyle-14skgim rn-borderBottomStyle-rull8r rn-borderLeftStyle-mm0ijv rn-borderTopWidth-13yce4e rn-borderRightWidth-fnigne rn-borderBottomWidth-ndvcnb rn-borderLeftWidth-gxnn5r rn-boxSizing-deolkf rn-cursor-1loqt21 rn-display-6koalj rn-flexShrink-1pxmb3b rn-flexBasis-7vfszb rn-flexDirection-eqz5dr rn-marginTop-1mnahxq rn-marginRight-61z16t rn-marginBottom-p1pxzi rn-marginLeft-11wrixw rn-minHeight-ifefl9 rn-minWidth-bcqeeo rn-paddingTop-wk8lta rn-paddingRight-9aemit rn-paddingBottom-1mdbw0j rn-paddingLeft-gy4na3 rn-position-bnwqim rn-touchAction-1otgn73 rn-transitionDuration-eafdt9 rn-transitionProperty-1i6wzkk rn-userSelect-lrvibr rn-zIndex-1lgpqti"
    onKeyDown={[Function]}
    onKeyUp={[Function]}
    onResponderGrant={[Function]}
    onResponderMove={[Function]}
    onResponderRelease={[Function]}
    onResponderTerminate={[Function]}
    onResponderTerminationRequest={[Function]}
    onStartShouldSetResponder={[Function]}
    tabIndex="0"
  >
    <div
      className="rn-alignItems-1awozwy rn-borderTopStyle-1efd50x rn-borderRightStyle-14skgim rn-borderBottomStyle-rull8r rn-borderLeftStyle-mm0ijv rn-borderTopWidth-13yce4e rn-borderRightWidth-fnigne rn-borderBottomWidth-ndvcnb rn-borderLeftWidth-gxnn5r rn-boxSizing-deolkf rn-display-6koalj rn-flexShrink-1pxmb3b rn-flexBasis-7vfszb rn-flexDirection-18u37iz rn-marginTop-1mnahxq rn-marginBottom-p1pxzi rn-marginLeft-11wrixw rn-marginRight-1mf7evn rn-minHeight-ifefl9 rn-minWidth-bcqeeo rn-paddingTop-wk8lta rn-paddingRight-9aemit rn-paddingBottom-1mdbw0j rn-paddingLeft-gy4na3 rn-position-bnwqim rn-zIndex-1lgpqti"
    >
      <div
        className="rn-alignItems-1oszu61 rn-borderTopStyle-1efd50x rn-borderRightStyle-14skgim rn-borderBottomStyle-rull8r rn-borderLeftStyle-mm0ijv rn-borderTopWidth-13yce4e rn-borderRightWidth-fnigne rn-borderBottomWidth-ndvcnb rn-borderLeftWidth-gxnn5r rn-boxSizing-deolkf rn-display-6koalj rn-flexShrink-1pxmb3b rn-flexBasis-7vfszb rn-flexDirection-eqz5dr rn-marginTop-1mnahxq rn-marginRight-61z16t rn-marginBottom-p1pxzi rn-marginLeft-11wrixw rn-minHeight-ifefl9 rn-minWidth-bcqeeo rn-paddingTop-wk8lta rn-paddingRight-9aemit rn-paddingBottom-1mdbw0j rn-paddingLeft-gy4na3 rn-position-bnwqim rn-zIndex-1lgpqti"
      >
        <div
          className="rn-alignItems-1awozwy rn-borderTopColor-w1rywy rn-borderRightColor-rieqnu rn-borderBottomColor-13kj4ez rn-borderLeftColor-1nlrok8 rn-borderTopLeftRadius-1bxrh7q rn-borderTopRightRadius-waaub4 rn-borderBottomRightRadius-sqtsar rn-borderBottomLeftRadius-qb5c1y rn-borderTopStyle-1efd50x rn-borderRightStyle-14skgim rn-borderBottomStyle-rull8r rn-borderLeftStyle-mm0ijv rn-borderTopWidth-1jxfwug rn-borderRightWidth-18p6if4 rn-borderBottomWidth-wgabs5 rn-borderLeftWidth-dwliz8 rn-boxSizing-deolkf rn-cursor-1loqt21 rn-display-6koalj rn-flexShrink-1pxmb3b rn-flexBasis-7vfszb rn-flexDirection-eqz5dr rn-height-18yzcnr rn-justifyContent-1777fci rn-marginTop-1mnahxq rn-marginRight-61z16t rn-marginBottom-p1pxzi rn-marginLeft-11wrixw rn-minHeight-ifefl9 rn-minWidth-bcqeeo rn-paddingTop-wk8lta rn-paddingRight-9aemit rn-paddingBottom-1mdbw0j rn-paddingLeft-gy4na3 rn-position-bnwqim rn-touchAction-1otgn73 rn-transitionDuration-eafdt9 rn-transitionProperty-1i6wzkk rn-userSelect-lrvibr rn-width-yc9v9c rn-zIndex-1lgpqti"
          disabled={false}
          onKeyDown={[Function]}
          onKeyUp={[Function]}
          onResponderGrant={[Function]}
          onResponderMove={[Function]}
          onResponderRelease={[Function]}
          onResponderTerminate={[Function]}
          onResponderTerminationRequest={[Function]}
          onStartShouldSetResponder={[Function]}
          tabIndex="0"
        />
      </div>
      <div
        className="rn-borderTopWidth-13yce4e rn-borderRightWidth-fnigne rn-borderBottomWidth-ndvcnb rn-borderLeftWidth-gxnn5r rn-boxSizing-deolkf rn-color-15b02fe rn-display-1471scf rn-fontFamily-baq3cm rn-fontSize-1b43r93 rn-fontStyle-13uqrnb rn-fontVariant-ebii48 rn-fontWeight-aruset rn-lineHeight-t9a87b rn-marginTop-1mnahxq rn-marginRight-61z16t rn-marginBottom-p1pxzi rn-paddingTop-m611by rn-paddingRight-9aemit rn-paddingBottom-1mi0q7o rn-paddingLeft-gy4na3 rn-textAlign-fdjqy7 rn-textDecoration-bauka4 rn-whiteSpace-q42fyq rn-wordWrap-qvutc0"
        dir="auto"
        style={
          Object {
            "marginLeft": "10px",
          }
        }
      >
        Blue
      </div>
    </div>
  </div>
</div>
`;
